Copyright 1986-2021 Xilinx, Inc. All Rights Reserved.
--------------------------------------------------------------------------------------------------------------------------------------------------------------------------
| Tool Version : Vivado v.2021.2 (lin64) Build 3367213 Tue Oct 19 02:47:39 MDT 2021
| Date         : Fri Jun 24 10:58:40 2022
| Host         : mdu-virtual-machine running 64-bit Ubuntu 18.04.3 LTS
| Command      : report_accelerator_utilization -kernels { matmul:xilinx_zc706_base_i/matmul_1/inst:matmul_1} -file kernel_util_placed.rpt -name kernel_util_placed -json
| Design       : xilinx_zc706_base_wrapper
| Device       : xc7z045
| Design State : Fully Placed
--------------------------------------------------------------------------------------------------------------------------------------------------------------------------

Accelerator Utilization Design Information

Table of Contents
-----------------
1. System Utilization

1. System Utilization
---------------------

+---------------------+------------------+-----------------+------------------+---------------+---------------+
| Name                | LUT              | LUTAsMem        | REG              | BRAM          | DSP           |
+---------------------+------------------+-----------------+------------------+---------------+---------------+
| Platform            |   3534 [  1.62%] |   440 [  0.63%] |   4028 [  0.92%] |   4 [  0.73%] |   0 [  0.00%] |
| User Budget         | 215066 [100.00%] | 69960 [100.00%] | 433172 [100.00%] | 541 [100.00%] | 900 [100.00%] |
|    Used Resources   |   3696 [  1.72%] |   331 [  0.47%] |   6340 [  1.46%] |   7 [  1.29%] |  64 [  7.11%] |
|    Unused Resources | 211370 [ 98.28%] | 69629 [ 99.53%] | 426832 [ 98.54%] | 534 [ 98.71%] | 836 [ 92.89%] |
| matmul              |   3696 [  1.72%] |   331 [  0.47%] |   6340 [  1.46%] |   7 [  1.29%] |  64 [  7.11%] |
|    matmul_1         |   3696 [  1.72%] |   331 [  0.47%] |   6340 [  1.46%] |   7 [  1.29%] |  64 [  7.11%] |
+---------------------+------------------+-----------------+------------------+---------------+---------------+


