Copyright 1986-2021 Xilinx, Inc. All Rights Reserved.
----------------------------------------------------------------------------------------------------------------------------------------------------------------------------
| Tool Version : Vivado v.2021.2 (lin64) Build 3367213 Tue Oct 19 02:47:39 MDT 2021
| Date         : Fri Jun 24 10:57:21 2022
| Host         : mdu-virtual-machine running 64-bit Ubuntu 18.04.3 LTS
| Command      : report_accelerator_utilization -kernels { matmul:xilinx_zc706_base_i/matmul_1/inst:matmul_1} -file kernel_util_synthed.rpt -name kernel_util_synthed -json
| Design       : xilinx_zc706_base_wrapper
| Device       : xc7z045
| Design State : Synthesized
----------------------------------------------------------------------------------------------------------------------------------------------------------------------------

Accelerator Utilization Design Information

Table of Contents
-----------------
1. System Utilization

1. System Utilization
---------------------

+---------------------+------------------+-----------------+------------------+---------------+---------------+
| Name                | LUT              | LUTAsMem        | REG              | BRAM          | DSP           |
+---------------------+------------------+-----------------+------------------+---------------+---------------+
| Platform            |   4615 [  2.11%] |   517 [  0.73%] |   5464 [  1.25%] |   4 [  0.73%] |   0 [  0.00%] |
| User Budget         | 213985 [100.00%] | 69883 [100.00%] | 431736 [100.00%] | 541 [100.00%] | 900 [100.00%] |
|    Used Resources   |   3855 [  1.80%] |   364 [  0.52%] |   6340 [  1.47%] |   7 [  1.29%] |  64 [  7.11%] |
|    Unused Resources | 210130 [ 98.20%] | 69519 [ 99.48%] | 425396 [ 98.53%] | 534 [ 98.71%] | 836 [ 92.89%] |
| matmul              |   3855 [  1.80%] |   364 [  0.52%] |   6340 [  1.47%] |   7 [  1.29%] |  64 [  7.11%] |
|    matmul_1         |   3855 [  1.80%] |   364 [  0.52%] |   6340 [  1.47%] |   7 [  1.29%] |  64 [  7.11%] |
+---------------------+------------------+-----------------+------------------+---------------+---------------+


